DOC_APPENDED
--- 编译 ---
COMPILE_OK
--- 重启 ---
ExecMainStartTimestamp=Sat 2026-10-10 22:58:01 CST
ExecMainPID=2579135
active
--- 终局冒烟：批量写路径（零写入）---
回执：engine=kernel kernel={'planned': 25, 'applied': 25, 'failed': [], 'bulk_write': {'inserted': 2, 'updated': 23}, 'resume_hint': '同 payload 重跑即可续作（节点按 (kb,slug)、关系按 (kb,源,类型,目标) 幂等；已成功的会被判为 merged/已存在，不会重复建）。'} created=2 merged=23 pending=0
_bulk_write_pages 调用次数 = 1（应 1）；items = 25（应 = 页数）
被拦截的逐页 psql 写事务 = 0（应 0 —— 说明没有逐页 upsert_page 了）

--- diff：agent/skill/技术方案知识提取（库 527 字 / 本次构建 518 字）---
    --- 库里
    +++ 本次构建
    @@ -6,3 +6,3 @@
     
    -按规则的「判定所需知识」从技术方案中提取结构化知识（文字/表格/图），逐项给出证据、来源定位与可信度；提取不到或存疑转人工协助。
    +按规则的「判定所需知识」从技术方案中提取结构化知识，逐项给出证据、来源定位与可信度；提取不到或存疑转人工协助。
     

--- diff：agent/skill/多模态识别嵌入图判读（库 518 字 / 本次构建 518 字）---
    --- 库里
    +++ 本次构建
    @@ -6,3 +6,3 @@
     
    -从文档内嵌图取结构/语义（部署架构图、技术栈勾选表），逐条带证据与置信度并标注不确定项；置信度过低转人工。
    +从文档内嵌图取结构/语义，逐条带证据与置信度并标注不确定项；模型使用系统配置的对话模型，置信度过低转人工。
     
items 正文（strip 后）与库里比对 = 23 页，不一致 = 10
   · agent/skill/技术方案知识提取
   · agent/skill/多模态识别嵌入图判读
   · agent/tool/关键词检索
RESULT: FAIL
